// Jest Snapshot v1, https://goo.gl/fbAQLP

exports[`<TextBlock /> renders as expected 1`] = `
<p
  className="text-block"
>
  Lorem ipsum dolor sit amet, consectetur adipiscing elit, sed do eiusmod tempor incididunt ut labore et dolore magna aliqua.
</p>
`;
