// Jest Snapshot v1, https://goo.gl/fbAQLP

exports[`<TextHeader /> renders as expected 1`] = `
Array [
  <h3
    className="text-header"
  >
    Subsection XYZ
  </h3>,
  <hr
    className="text-header-divider"
  />,
]
`;
